
1) git checkout -b experimental_idea [org_branch]

 - org_branch 가 생략되면, 현재 브랜치에서 experimental_idea 라는 이름의 신규 브랜치를 만듭니다.
 - 파일을 생서하고, commit 을 합니다.

 - 만약 

2) git checkout [org_branch] 

 - org_branch 로 돌아갑니다.
 
3) git merge experiment_idea 

 - experiment_idea 브랜치를 현재 브랜치로 merge 한다. (중심은 현재 브랜치)
 - 이 때..아래와 같이 --squash 을 주면... experiment_idea 브랜치를 만드는 과정에서 여러번 commit 한 사항이 함께 merge 되지 않는다.

 - git merge experiment_idea --squash 한 뒤에는, git commit 하여야 하며, 브랜치 병합 취소는 불가 하다.


4) git branch --delete experimental_idea



# 단계적 rebasing (리베이싱)

 - 개발을 위한 브랜치를 하나 만듭니다.
 - master 브랜치에 2번의 commit 이 있을꺼예요.
 - 그 뒤에 개발 브랜치에서 동일 파일에 대한 수정이 있었어요.. (master 와 개발간 충돌)
 - 이 상황에서 rebasing 을 해 볼꺼예요.

 